[backblue.gif]
[fade.gif]
[index.html]
[johnyvino.com/manifest.json]
[external.html]
[johnyvino.com/images/newwork/familywall/home/1.png]
[johnyvino.com/images/newwork/applewatch/home/11.png]
[johnyvino.com/images/newwork/Microsoft/Invite-calendar.mp4]
[johnyvino.com/images/workLoader.svg]
[johnyvino.com/images/newwork/onfo/home/2.mp4]
[johnyvino.com/images/work/arrow-light.svg]
[johnyvino.com/images/work/arrow-dark.svg]
[johnyvino.com/images/newwork/byjus/1byjus.png]
[johnyvino.com/images/newwork/zoho/home/01.png]
[johnyvino.com/images/loader.svg]
[johnyvino.com/images/newwork/work-arrow-light.svg]
[johnyvino.com/images/newwork/work-arrow-dark.svg]
[johnyvino.com/images/newwork/lock-dark.svg]
[johnyvino.com/images/newwork/lock-white.svg]
[johnyvino.com/images/about/meold.png]
[johnyvino.com/images/illustration.svg]
[johnyvino.com/images/modalClose.svg]
[johnyvino.com/images/newwork/familywall/home/1.mp4]
[johnyvino.com/www.onfocoin.com]
[johnyvino.com/images/newwork/onfo/home/1.mp4]
[johnyvino.com/Charles Riccardi.19.delayed]
[johnyvino.com/images/newwork/Microsoft/pulldown.mp4]
[johnyvino.com/images/newwork/Microsoft/calendar.mp4]
[johnyvino.com/images/newwork/Microsoft/calendarv1.mp4]
[johnyvino.com/images/newwork/Microsoft/name-Search.mp4]
[johnyvino.com/images/newwork/Microsoft/search.mp4]
[johnyvino.com/images/newwork/Microsoft/email.mp4]
[johnyvino.com/images/newwork/Microsoft/Multitasking.mp4]
[johnyvino.com/images/newwork/Microsoft/Addtask.mp4]
[johnyvino.com/images/newwork/Microsoft/Connectingtodo.mp4]
[johnyvino.com/images/newwork/Microsoft/Donotdistrub.mp4]
[johnyvino.com/images/newwork/Microsoft/draganddrop.mp4]
[johnyvino.com/images/newwork/Microsoft/filter.mp4]
[johnyvino.com/www.cleanmock.com]
[johnyvino.com/images/newwork/cleanmock/home/2.mp4]
[johnyvino.com/cdn-cgi/scripts/5c5dd728/cloudflare-static/email-decode.min.js]
[cdnjs.cloudflare.com/ajax/libs/vanilla-lazyload/10.16.2/lazyload.min.js]
[static.medium.com/embed.js]
[code.jquery.com/jquery-3.2.1.min.js]
[cdnjs.cloudflare.com/ajax/libs/popper.js/1.14.6/umd/popper.min.js]
[stackpath.bootstrapcdn.com/bootstrap/4.2.1/js/bootstrap.min.js]
[cdnjs.cloudflare.com/ajax/libs/gsap/2.0.1/TweenMax.min.js]
[cdnjs.cloudflare.com/ajax/libs/crypto-js/3.1.2/rollups/aes.js]
[cdnjs.cloudflare.com/ajax/libs/animejs/2.2.0/anime.min.js]
[cdnjs.cloudflare.com/ajax/libs/clipboard.js/2.0.0/clipboard.min.js]
[johnyvino.com/js/bundle.js]
[johnyvino.com/index.html]
[johnyvino.com/www.onfocoin.html]
[johnyvino.com/Charles Riccardi.html]
[johnyvino.com/www.cleanmock.html]
[johnyvino.com/manifest.json]
[johnyvino.com/favicon.ico]
[stackpath.bootstrapcdn.com/bootstrap/4.2.1/css/bootstrap.min.css]
[johnyvino.com/images/newwork/familywall/home/1.png]
[johnyvino.com/images/newwork/applewatch/home/11.png]
[johnyvino.com/images/newwork/Microsoft/Invite-calendar.mp4]
[johnyvino.com/images/newwork/byjus/1byjus.png]
[johnyvino.com/images/newwork/familywall/home/1.mp4]
[johnyvino.com/images/newwork/onfo/home/2.mp4]
[johnyvino.com/images/newwork/zoho/home/01.png]
[johnyvino.com/fonts/Apercu.ttf]
[johnyvino.com/images/newwork/onfo/home/1.mp4]
[johnyvino.com/images/newwork/Microsoft/pulldown.mp4]
[johnyvino.com/images/newwork/Microsoft/search.mp4]
[johnyvino.com/images/newwork/Microsoft/calendar.mp4]
[johnyvino.com/images/newwork/Microsoft/name-Search.mp4]
[johnyvino.com/images/newwork/Microsoft/email.mp4]
[johnyvino.com/images/newwork/Microsoft/Multitasking.mp4]
[johnyvino.com/fonts/Knockout-HTF69-FullLiteweight.otf]
[johnyvino.com/images/newwork/Microsoft/Addtask.mp4]
[johnyvino.com/images/newwork/Microsoft/Connectingtodo.mp4]
[johnyvino.com/images/newwork/Microsoft/Donotdistrub.mp4]
[johnyvino.com/images/newwork/Microsoft/draganddrop.mp4]
[johnyvino.com/images/newwork/Microsoft/filter.mp4]
[johnyvino.com/images/newwork/cleanmock/home/2.mp4]
[static.medium.com/embed.js]
[johnyvino.com/cdn-cgi/scripts/5c5dd728/cloudflare-static/email-decode.min.js]
[johnyvino.com/fonts/CircularStd-Book.ttf]
[cdnjs.cloudflare.com/ajax/libs/gsap/2.0.1/TweenMax.min.js]
[stackpath.bootstrapcdn.com/bootstrap/4.2.1/js/bootstrap.min.js]
[cdnjs.cloudflare.com/ajax/libs/crypto-js/3.1.2/rollups/aes.js]
[johnyvino.com/fonts/Apercu.ttf]
[johnyvino.com/fonts/CircularStd-Bold.ttf]
[johnyvino.com/fonts/Knockout-HTF69-FullLiteweight.otf]
[johnyvino.com/fonts/CircularStd-Book.ttf]
[johnyvino.com/fonts/CircularStd-Medium.ttf]
[johnyvino.com/fonts/Knockout-HTF51-Middleweight.otf]
[johnyvino.com/fonts/Knockout-HTF49-Liteweight.otf]
[johnyvino.com/fonts/Knockout-HTF51-Middleweight.otf]
[johnyvino.com/images/header/illustration-connect-light.svg]
[johnyvino.com/images/header/illustration-light.svg]
[johnyvino.com/images/header/illustration-dark.svg]
[johnyvino.com/images/header/illustration-connect-dark.svg]
[johnyvino.com/images/work/slideup-light.svg]
[johnyvino.com/images/work/slideup-dark.svg]
[johnyvino.com/images/close.svg]
[johnyvino.com/css/main.css]
[s3.amazonaws.com/johny-ui-assets/dp.html]
[johnyvino.com/images/workLoader.svg]
[johnyvino.com/images/work/arrow-light.svg]
[johnyvino.com/images/work/arrow-dark.svg]
[johnyvino.com/images/loader.svg]
[johnyvino.com/images/newwork/work-arrow-light.svg]
[johnyvino.com/images/newwork/work-arrow-dark.svg]
[johnyvino.com/images/newwork/lock-dark.svg]
[johnyvino.com/images/newwork/lock-white.svg]
[johnyvino.com/images/illustration.svg]
[johnyvino.com/images/modalClose.svg]
[johnyvino.com/images/close-dark.svg]
[johnyvino.com/Charles Riccardi.html]
[johnyvino.com/images/newwork/Microsoft/calendarv1.mp4]
[johnyvino.com/fonts/Knockout-HTF49-Liteweight.html]
[johnyvino.com/images/header/illustration-connect-light.svg]
[johnyvino.com/images/header/illustration-light.svg]
[johnyvino.com/images/header/illustration-dark.svg]
[johnyvino.com/images/header/illustration-connect-dark.svg]
[johnyvino.com/images/work/slideup-light.svg]
[johnyvino.com/images/work/slideup-dark.svg]
[johnyvino.com/images/close.svg]
[johnyvino.com/images/close-dark.svg]
[johnyvino.com/www.onfocoin.html]
[johnyvino.com/www.cleanmock.html]
